src/app/admin/dashboard/page.tsx(49,14): error TS1127: Invalid character.
src/app/admin/dashboard/page.tsx(49,15): error TS1127: Invalid character.
src/app/admin/dashboard/page.tsx(49,17): error TS1127: Invalid character.
src/app/admin/dashboard/page.tsx(49,18): error TS1127: Invalid character.
src/app/admin/dashboard/page.tsx(49,19): error TS1136: Property assignment expected.
src/app/admin/dashboard/page.tsx(147,16): error TS1127: Invalid character.
src/app/admin/dashboard/page.tsx(147,20): error TS1005: ',' expected.
src/app/admin/dashboard/page.tsx(147,21): error TS1127: Invalid character.
src/app/admin/dashboard/page.tsx(147,22): error TS1127: Invalid character.
src/app/admin/dashboard/page.tsx(248,16): error TS1127: Invalid character.
src/app/admin/dashboard/page.tsx(248,19): error TS1005: ',' expected.
src/app/admin/dashboard/page.tsx(248,20): error TS1127: Invalid character.
src/app/admin/dashboard/page.tsx(248,21): error TS1127: Invalid character.
src/app/admin/dashboard/page.tsx(407,15): error TS2657: JSX expressions must have one parent element.
src/app/admin/dashboard/page.tsx(413,33): error TS1127: Invalid character.
src/app/admin/dashboard/page.tsx(413,111): error TS1381: Unexpected token. Did you mean `{'}'}` or `&rbrace;`?
src/app/admin/dashboard/page.tsx(413,112): error TS1382: Unexpected token. Did you mean `{'>'}` or `&gt;`?
src/app/admin/dashboard/page.tsx(422,15): error TS1005: ')' expected.
src/app/admin/dashboard/page.tsx(423,14): error TS1005: '}' expected.
src/app/admin/dashboard/page.tsx(424,11): error TS1381: Unexpected token. Did you mean `{'}'}` or `&rbrace;`?
src/app/admin/dashboard/page.tsx(424,13): error TS1381: Unexpected token. Did you mean `{'}'}` or `&rbrace;`?
src/app/admin/dashboard/page.tsx(463,5): error TS1128: Declaration or statement expected.
src/app/admin/dashboard/page.tsx(464,3): error TS1109: Expression expected.
src/app/admin/dashboard/page.tsx(465,1): error TS1128: Declaration or statement expected.
src/app/admin/dashboard/page.tsx(490,24): error TS1127: Invalid character.
src/app/admin/dashboard/page.tsx(490,31): error TS1005: ',' expected.
src/app/admin/dashboard/page.tsx(494,15): error TS1127: Invalid character.
src/app/admin/dashboard/page.tsx(494,23): error TS1005: ',' expected.
src/app/admin/dashboard/page.tsx(494,26): error TS1005: ',' expected.
src/app/admin/dashboard/page.tsx(494,33): error TS1005: ',' expected.
src/app/admin/dashboard/page.tsx(494,39): error TS1005: ',' expected.
src/app/admin/dashboard/page.tsx(494,42): error TS1005: ',' expected.
src/app/admin/dashboard/page.tsx(494,50): error TS1005: ',' expected.
src/app/admin/dashboard/page.tsx(494,52): error TS1127: Invalid character.
src/app/admin/dashboard/page.tsx(494,53): error TS1127: Invalid character.
src/app/admin/dashboard/page.tsx(494,60): error TS1005: ',' expected.
src/app/admin/dashboard/page.tsx(494,65): error TS1005: ',' expected.
src/app/admin/dashboard/page.tsx(494,70): error TS1005: ',' expected.
src/app/admin/dashboard/page.tsx(494,78): error TS1005: ',' expected.
src/app/admin/dashboard/page.tsx(494,85): error TS1005: ',' expected.
src/app/admin/dashboard/page.tsx(494,92): error TS1005: ',' expected.
src/app/admin/dashboard/page.tsx(494,96): error TS1005: ',' expected.
src/app/admin/dashboard/page.tsx(494,105): error TS1005: ',' expected.
src/app/admin/dashboard/page.tsx(494,109): error TS1005: ',' expected.
src/app/admin/dashboard/page.tsx(494,117): error TS1127: Invalid character.
src/app/admin/dashboard/page.tsx(503,21): error TS1127: Invalid character.
src/app/admin/dashboard/page.tsx(503,25): error TS1005: ',' expected.
src/app/admin/dashboard/page.tsx(503,26): error TS1127: Invalid character.
src/app/admin/dashboard/page.tsx(503,27): error TS1127: Invalid character.
src/app/admin/dashboard/page.tsx(508,64): error TS1127: Invalid character.
src/app/admin/dashboard/page.tsx(508,67): error TS1005: ',' expected.
src/app/admin/dashboard/page.tsx(508,68): error TS1127: Invalid character.
src/app/admin/dashboard/page.tsx(508,69): error TS1127: Invalid character.
src/app/admin/dashboard/page.tsx(508,70): error TS1135: Argument expression expected.
src/app/admin/dashboard/page.tsx(508,87): error TS1005: ',' expected.
src/app/admin/dashboard/page.tsx(508,110): error TS1005: ',' expected.
src/app/admin/dashboard/page.tsx(508,120): error TS1005: ',' expected.
src/app/admin/dashboard/page.tsx(508,121): error TS1005: ',' expected.
src/app/admin/dashboard/page.tsx(548,1): error TS1128: Declaration or statement expected.
src/app/admin/dashboard/page.tsx(575,24): error TS1127: Invalid character.
src/app/admin/dashboard/page.tsx(576,5): error TS1005: ',' expected.
src/app/admin/dashboard/page.tsx(580,15): error TS1127: Invalid character.
src/app/admin/dashboard/page.tsx(580,23): error TS1005: ',' expected.
src/app/admin/dashboard/page.tsx(580,26): error TS1005: ',' expected.
src/app/admin/dashboard/page.tsx(580,33): error TS1005: ',' expected.
src/app/admin/dashboard/page.tsx(580,42): error TS1005: ',' expected.
src/app/admin/dashboard/page.tsx(580,45): error TS1005: ',' expected.
src/app/admin/dashboard/page.tsx(580,54): error TS1005: ',' expected.
src/app/admin/dashboard/page.tsx(580,61): error TS1005: ',' expected.
src/app/admin/dashboard/page.tsx(580,63): error TS1127: Invalid character.
src/app/admin/dashboard/page.tsx(580,64): error TS1127: Invalid character.
src/app/admin/dashboard/page.tsx(580,73): error TS1005: ',' expected.
src/app/admin/dashboard/page.tsx(580,87): error TS1005: ',' expected.
src/app/admin/dashboard/page.tsx(580,94): error TS1005: ',' expected.
src/app/admin/dashboard/page.tsx(580,101): error TS1005: ',' expected.
src/app/admin/dashboard/page.tsx(580,105): error TS1005: ',' expected.
src/app/admin/dashboard/page.tsx(580,109): error TS1005: ',' expected.
src/app/admin/dashboard/page.tsx(580,118): error TS1005: ',' expected.
src/app/admin/dashboard/page.tsx(580,124): error TS1005: ',' expected.
src/app/admin/dashboard/page.tsx(580,132): error TS1127: Invalid character.
src/app/admin/dashboard/page.tsx(589,20): error TS1127: Invalid character.
src/app/admin/dashboard/page.tsx(590,4): error TS1005: ',' expected.
src/app/admin/dashboard/page.tsx(590,5): error TS1127: Invalid character.
src/app/admin/dashboard/page.tsx(590,6): error TS1127: Invalid character.
src/app/admin/dashboard/page.tsx(592,64): error TS1127: Invalid character.
src/app/admin/dashboard/page.tsx(592,67): error TS1005: ',' expected.
src/app/admin/dashboard/page.tsx(592,68): error TS1127: Invalid character.
src/app/admin/dashboard/page.tsx(592,69): error TS1127: Invalid character.
src/app/admin/dashboard/page.tsx(592,70): error TS1135: Argument expression expected.
src/app/admin/dashboard/page.tsx(592,87): error TS1005: ',' expected.
src/app/admin/dashboard/page.tsx(592,110): error TS1005: ',' expected.
src/app/admin/dashboard/page.tsx(592,119): error TS1005: ',' expected.
src/app/admin/dashboard/page.tsx(592,120): error TS1005: ',' expected.
src/app/admin/dashboard/page.tsx(623,1): error TS1128: Declaration or statement expected.
src/app/admin/dashboard/page.tsx(635,21): error TS1127: Invalid character.
src/app/admin/dashboard/page.tsx(635,24): error TS1005: ',' expected.
src/app/admin/dashboard/page.tsx(635,25): error TS1127: Invalid character.
src/app/admin/dashboard/page.tsx(635,26): error TS1127: Invalid character.
src/app/admin/dashboard/page.tsx(637,64): error TS1127: Invalid character.
src/app/admin/dashboard/page.tsx(637,67): error TS1005: ',' expected.
src/app/admin/dashboard/page.tsx(637,68): error TS1127: Invalid character.
src/app/admin/dashboard/page.tsx(637,69): error TS1127: Invalid character.
src/app/admin/dashboard/page.tsx(637,70): error TS1135: Argument expression expected.
src/app/admin/dashboard/page.tsx(637,87): error TS1005: ',' expected.
src/app/admin/dashboard/page.tsx(637,118): error TS1005: ',' expected.
src/app/admin/dashboard/page.tsx(637,128): error TS1005: ',' expected.
src/app/admin/dashboard/page.tsx(637,129): error TS1005: ',' expected.
src/app/admin/dashboard/page.tsx(660,1): error TS1128: Declaration or statement expected.
src/app/admin/dashboard/page.tsx(689,22): error TS1127: Invalid character.
src/app/admin/dashboard/page.tsx(689,23): error TS1127: Invalid character.
src/app/admin/dashboard/page.tsx(689,24): error TS1134: Variable declaration expected.
src/app/admin/dashboard/page.tsx(691,24): error TS1127: Invalid character.
src/app/admin/dashboard/page.tsx(691,32): error TS1005: ',' expected.
src/app/admin/dashboard/page.tsx(691,38): error TS1005: ',' expected.
src/app/admin/dashboard/page.tsx(691,40): error TS1127: Invalid character.
src/app/admin/dashboard/page.tsx(691,41): error TS1127: Invalid character.
src/app/admin/dashboard/page.tsx(714,38): error TS1127: Invalid character.
src/app/admin/dashboard/page.tsx(714,40): error TS1005: ',' expected.
src/app/admin/dashboard/page.tsx(714,41): error TS1127: Invalid character.
src/app/admin/dashboard/page.tsx(714,42): error TS1127: Invalid character.
src/app/admin/dashboard/page.tsx(714,43): error TS1134: Variable declaration expected.
src/app/admin/dashboard/page.tsx(714,92): error TS1005: ',' expected.
src/app/admin/dashboard/page.tsx(743,20): error TS1127: Invalid character.
src/app/admin/dashboard/page.tsx(743,25): error TS1005: ',' expected.
src/app/admin/dashboard/page.tsx(743,26): error TS1127: Invalid character.
src/app/admin/dashboard/page.tsx(743,27): error TS1127: Invalid character.
src/app/admin/dashboard/page.tsx(745,64): error TS1127: Invalid character.
src/app/admin/dashboard/page.tsx(745,67): error TS1005: ',' expected.
src/app/admin/dashboard/page.tsx(745,68): error TS1127: Invalid character.
src/app/admin/dashboard/page.tsx(745,69): error TS1127: Invalid character.
src/app/admin/dashboard/page.tsx(745,70): error TS1135: Argument expression expected.
src/app/admin/dashboard/page.tsx(745,87): error TS1005: ',' expected.
src/app/admin/dashboard/page.tsx(745,144): error TS1005: ',' expected.
src/app/admin/dashboard/page.tsx(745,153): error TS1005: ',' expected.
src/app/admin/dashboard/page.tsx(745,154): error TS1005: ',' expected.
src/app/admin/dashboard/page.tsx(747,3): error TS1128: Declaration or statement expected.
src/app/admin/dashboard/page.tsx(756,241): error TS1127: Invalid character.
src/app/admin/dashboard/page.tsx(756,250): error TS1381: Unexpected token. Did you mean `{'}'}` or `&rbrace;`?
src/app/admin/dashboard/page.tsx(756,263): error TS1382: Unexpected token. Did you mean `{'>'}` or `&gt;`?
src/app/admin/dashboard/page.tsx(792,231): error TS1127: Invalid character.
src/app/admin/dashboard/page.tsx(792,241): error TS1381: Unexpected token. Did you mean `{'}'}` or `&rbrace;`?
src/app/admin/dashboard/page.tsx(792,244): error TS1382: Unexpected token. Did you mean `{'>'}` or `&gt;`?
src/app/admin/dashboard/page.tsx(832,85): error TS1127: Invalid character.
src/app/admin/dashboard/page.tsx(832,127): error TS1381: Unexpected token. Did you mean `{'}'}` or `&rbrace;`?
src/app/admin/dashboard/page.tsx(832,128): error TS1382: Unexpected token. Did you mean `{'>'}` or `&gt;`?
src/app/admin/dashboard/page.tsx(832,174): error TS17002: Expected corresponding JSX closing tag for 'div'.
src/app/admin/dashboard/page.tsx(836,5): error TS1005: ')' expected.
src/app/admin/dashboard/page.tsx(837,3): error TS1109: Expression expected.
src/app/admin/dashboard/page.tsx(838,1): error TS1128: Declaration or statement expected.
